// Jest Snapshot v1, https://goo.gl/fbAQLP

exports[`<App /> should match snapshot 1`] = `
<div
  className="App"
>
  <Route
    exact={true}
    path="/"
    render={[Function]}
  />
  <Route
    path="/register"
    render={[Function]}
  />
  <PrivateRoute
    component={[Function]}
    path="/home"
  />
</div>
`;
